Classic Timing Analyzer report for Fangcun
Wed Apr 17 22:37:57 2019
Quartus II Version 8.1 Build 163 10/28/2008 SJ Web Edition


---------------------
; Table of Contents ;
---------------------
  1. Legal Notice
  2. Timing Analyzer Summary
  3. Timing Analyzer Settings
  4. Clock Settings Summary
  5. Clock Setup: 'CK'
  6. Clock Setup: 'CPR0'
  7. tsu
  8. tco
  9. tpd
 10. th
 11. Timing Analyzer Messages



----------------
; Legal Notice ;
----------------
Copyright (C) 1991-2008 Altera Corporation
Your use of Altera Corporation's design tools, logic functions 
and other software and tools, and its AMPP partner logic 
functions, and any output files from any of the foregoing 
(including device programming or simulation files), and any 
associated documentation or information are expressly subject 
to the terms and conditions of the Altera Program License 
Subscription Agreement, Altera MegaCore Function License 
Agreement, or other applicable license agreement, including, 
without limitation, that your use is for the sole purpose of 
programming logic devices manufactured by Altera and sold by 
Altera or its authorized distributors.  Please refer to the 
applicable agreement for further details.



+---------------------------------------------------------------------------------------------------------------------------------------------------------------------------------------------------------------+
; Timing Analyzer Summary                                                                                                                                                                                       ;
+------------------------------+-------+---------------+----------------------------------+--------------------------------------+---------------------------------------+------------+----------+--------------+
; Type                         ; Slack ; Required Time ; Actual Time                      ; From                                 ; To                                    ; From Clock ; To Clock ; Failed Paths ;
+------------------------------+-------+---------------+----------------------------------+--------------------------------------+---------------------------------------+------------+----------+--------------+
; Worst-case tsu               ; N/A   ; None          ; 5.954 ns                         ; LD                                   ; Scounter8:inst5|Scounter2:inst4|inst  ; --         ; CK       ; 0            ;
; Worst-case tco               ; N/A   ; None          ; 17.531 ns                        ; Scounter8:inst1|Scounter2:inst7|inst ; A1                                    ; CPR0       ; --       ; 0            ;
; Worst-case tpd               ; N/A   ; None          ; 15.558 ns                        ; AY                                   ; A1                                    ; --         ; --       ; 0            ;
; Worst-case th                ; N/A   ; None          ; 0.341 ns                         ; R4                                   ; TheOne8:inst2|inst3                   ; --         ; CPR1     ; 0            ;
; Clock Setup: 'CPR0'          ; N/A   ; None          ; 259.40 MHz ( period = 3.855 ns ) ; Scounter8:inst1|Scounter2:inst7|inst ; Scounter8:inst1|Scounter2:inst4|inst1 ; CPR0       ; CPR0     ; 0            ;
; Clock Setup: 'CK'            ; N/A   ; None          ; 259.40 MHz ( period = 3.855 ns ) ; Scounter8:inst1|Scounter2:inst7|inst ; Scounter8:inst1|Scounter2:inst4|inst1 ; CK         ; CK       ; 0            ;
; Total number of failed paths ;       ;               ;                                  ;                                      ;                                       ;            ;          ; 0            ;
+------------------------------+-------+---------------+----------------------------------+--------------------------------------+---------------------------------------+------------+----------+--------------+


+--------------------------------------------------------------------------------------------------------------------+
; Timing Analyzer Settings                                                                                           ;
+---------------------------------------------------------------------+--------------------+------+----+-------------+
; Option                                                              ; Setting            ; From ; To ; Entity Name ;
+---------------------------------------------------------------------+--------------------+------+----+-------------+
; Device Name                                                         ; EP2C8Q208C8        ;      ;    ;             ;
; Timing Models                                                       ; Final              ;      ;    ;             ;
; Default hold multicycle                                             ; Same as Multicycle ;      ;    ;             ;
; Cut paths between unrelated clock domains                           ; On                 ;      ;    ;             ;
; Cut off read during write signal paths                              ; On                 ;      ;    ;             ;
; Cut off feedback from I/O pins                                      ; On                 ;      ;    ;             ;
; Report Combined Fast/Slow Timing                                    ; Off                ;      ;    ;             ;
; Ignore Clock Settings                                               ; Off                ;      ;    ;             ;
; Analyze latches as synchronous elements                             ; On                 ;      ;    ;             ;
; Enable Recovery/Removal analysis                                    ; Off                ;      ;    ;             ;
; Enable Clock Latency                                                ; Off                ;      ;    ;             ;
; Use TimeQuest Timing Analyzer                                       ; Off                ;      ;    ;             ;
; Minimum Core Junction Temperature                                   ; 0                  ;      ;    ;             ;
; Maximum Core Junction Temperature                                   ; 85                 ;      ;    ;             ;
; Number of source nodes to report per destination node               ; 10                 ;      ;    ;             ;
; Number of destination nodes to report                               ; 10                 ;      ;    ;             ;
; Number of paths to report                                           ; 200                ;      ;    ;             ;
; Report Minimum Timing Checks                                        ; Off                ;      ;    ;             ;
; Use Fast Timing Models                                              ; Off                ;      ;    ;             ;
; Report IO Paths Separately                                          ; Off                ;      ;    ;             ;
; Perform Multicorner Analysis                                        ; On                 ;      ;    ;             ;
; Reports the worst-case path for each clock domain and analysis      ; Off                ;      ;    ;             ;
; Removes common clock path pessimism (CCPP) during slack computation ; Off                ;      ;    ;             ;
; Output I/O Timing Endpoint                                          ; Near End           ;      ;    ;             ;
+---------------------------------------------------------------------+--------------------+------+----+-------------+


+------------------------------------------------------------------------------------------------------------------------------------------------------------------------------------+
; Clock Settings Summary                                                                                                                                                             ;
+-----------------+--------------------+----------+------------------+---------------+--------------+----------+-----------------------+---------------------+--------+--------------+
; Clock Node Name ; Clock Setting Name ; Type     ; Fmax Requirement ; Early Latency ; Late Latency ; Based on ; Multiply Base Fmax by ; Divide Base Fmax by ; Offset ; Phase offset ;
+-----------------+--------------------+----------+------------------+---------------+--------------+----------+-----------------------+---------------------+--------+--------------+
; CK              ;                    ; User Pin ; None             ; 0.000 ns      ; 0.000 ns     ; --       ; N/A                   ; N/A                 ; N/A    ;              ;
; CPR1            ;                    ; User Pin ; None             ; 0.000 ns      ; 0.000 ns     ; --       ; N/A                   ; N/A                 ; N/A    ;              ;
; CPR2            ;                    ; User Pin ; None             ; 0.000 ns      ; 0.000 ns     ; --       ; N/A                   ; N/A                 ; N/A    ;              ;
; CPR0            ;                    ; User Pin ; None             ; 0.000 ns      ; 0.000 ns     ; --       ; N/A                   ; N/A                 ; N/A    ;              ;
+-----------------+--------------------+----------+------------------+---------------+--------------+----------+-----------------------+---------------------+--------+--------------+


+----------------------------------------------------------------------------------------------------------------------------------------------------------------------------------------------------------------------------------------------------+
; Clock Setup: 'CK'                                                                                                                                                                                                                                  ;
+-------+------------------------------------------------+---------------------------------------+---------------------------------------+------------+----------+-----------------------------+---------------------------+-------------------------+
; Slack ; Actual fmax (period)                           ; From                                  ; To                                    ; From Clock ; To Clock ; Required Setup Relationship ; Required Longest P2P Time ; Actual Longest P2P Time ;
+-------+------------------------------------------------+---------------------------------------+---------------------------------------+------------+----------+-----------------------------+---------------------------+-------------------------+
; N/A   ; 259.40 MHz ( period = 3.855 ns )               ; Scounter8:inst1|Scounter2:inst7|inst  ; Scounter8:inst1|Scounter2:inst4|inst1 ; CK         ; CK       ; None                        ; None                      ; 3.579 ns                ;
; N/A   ; 259.47 MHz ( period = 3.854 ns )               ; Scounter8:inst1|Scounter2:inst7|inst  ; Scounter8:inst1|Scounter2:inst4|inst  ; CK         ; CK       ; None                        ; None                      ; 3.578 ns                ;
; N/A   ; 259.54 MHz ( period = 3.853 ns )               ; Scounter8:inst1|Scounter2:inst7|inst  ; Scounter8:inst1|Scounter2:inst5|inst1 ; CK         ; CK       ; None                        ; None                      ; 3.577 ns                ;
; N/A   ; 259.61 MHz ( period = 3.852 ns )               ; Scounter8:inst1|Scounter2:inst7|inst  ; Scounter8:inst1|Scounter2:inst5|inst  ; CK         ; CK       ; None                        ; None                      ; 3.576 ns                ;
; N/A   ; 260.42 MHz ( period = 3.840 ns )               ; Scounter8:inst1|Scounter2:inst6|inst1 ; Scounter8:inst1|Scounter2:inst4|inst1 ; CK         ; CK       ; None                        ; None                      ; 3.535 ns                ;
; N/A   ; 260.48 MHz ( period = 3.839 ns )               ; Scounter8:inst1|Scounter2:inst6|inst1 ; Scounter8:inst1|Scounter2:inst4|inst  ; CK         ; CK       ; None                        ; None                      ; 3.534 ns                ;
; N/A   ; 260.55 MHz ( period = 3.838 ns )               ; Scounter8:inst1|Scounter2:inst6|inst1 ; Scounter8:inst1|Scounter2:inst5|inst1 ; CK         ; CK       ; None                        ; None                      ; 3.533 ns                ;
; N/A   ; 260.62 MHz ( period = 3.837 ns )               ; Scounter8:inst1|Scounter2:inst6|inst1 ; Scounter8:inst1|Scounter2:inst5|inst  ; CK         ; CK       ; None                        ; None                      ; 3.532 ns                ;
; N/A   ; 277.70 MHz ( period = 3.601 ns )               ; Scounter8:inst1|Scounter2:inst6|inst  ; Scounter8:inst1|Scounter2:inst4|inst1 ; CK         ; CK       ; None                        ; None                      ; 3.296 ns                ;
; N/A   ; 277.78 MHz ( period = 3.600 ns )               ; Scounter8:inst1|Scounter2:inst6|inst  ; Scounter8:inst1|Scounter2:inst4|inst  ; CK         ; CK       ; None                        ; None                      ; 3.295 ns                ;
; N/A   ; 277.85 MHz ( period = 3.599 ns )               ; Scounter8:inst1|Scounter2:inst6|inst  ; Scounter8:inst1|Scounter2:inst5|inst1 ; CK         ; CK       ; None                        ; None                      ; 3.294 ns                ;
; N/A   ; 277.93 MHz ( period = 3.598 ns )               ; Scounter8:inst1|Scounter2:inst6|inst  ; Scounter8:inst1|Scounter2:inst5|inst  ; CK         ; CK       ; None                        ; None                      ; 3.293 ns                ;
; N/A   ; 299.85 MHz ( period = 3.335 ns )               ; Scounter8:inst1|Scounter2:inst7|inst1 ; Scounter8:inst1|Scounter2:inst4|inst1 ; CK         ; CK       ; None                        ; None                      ; 3.030 ns                ;
; N/A   ; 299.94 MHz ( period = 3.334 ns )               ; Scounter8:inst1|Scounter2:inst7|inst1 ; Scounter8:inst1|Scounter2:inst4|inst  ; CK         ; CK       ; None                        ; None                      ; 3.029 ns                ;
; N/A   ; 300.03 MHz ( period = 3.333 ns )               ; Scounter8:inst1|Scounter2:inst7|inst1 ; Scounter8:inst1|Scounter2:inst5|inst1 ; CK         ; CK       ; None                        ; None                      ; 3.028 ns                ;
; N/A   ; 300.12 MHz ( period = 3.332 ns )               ; Scounter8:inst1|Scounter2:inst7|inst1 ; Scounter8:inst1|Scounter2:inst5|inst  ; CK         ; CK       ; None                        ; None                      ; 3.027 ns                ;
; N/A   ; 328.41 MHz ( period = 3.045 ns )               ; Scounter8:inst1|Scounter2:inst7|inst1 ; Scounter8:inst1|Scounter2:inst6|inst  ; CK         ; CK       ; None                        ; None                      ; 2.781 ns                ;
; N/A   ; Restricted to 340.02 MHz ( period = 2.941 ns ) ; Scounter8:inst5|Scounter2:inst7|inst1 ; Scounter8:inst5|Scounter2:inst4|inst1 ; CK         ; CK       ; None                        ; None                      ; 2.238 ns                ;
; N/A   ; Restricted to 340.02 MHz ( period = 2.941 ns ) ; Scounter8:inst5|Scounter2:inst7|inst1 ; Scounter8:inst5|Scounter2:inst4|inst  ; CK         ; CK       ; None                        ; None                      ; 2.238 ns                ;
; N/A   ; Restricted to 340.02 MHz ( period = 2.941 ns ) ; Scounter8:inst1|Scounter2:inst4|inst1 ; Scounter8:inst1|Scounter2:inst4|inst  ; CK         ; CK       ; None                        ; None                      ; 2.218 ns                ;
; N/A   ; Restricted to 340.02 MHz ( period = 2.941 ns ) ; Scounter8:inst5|Scounter2:inst7|inst  ; Scounter8:inst5|Scounter2:inst4|inst1 ; CK         ; CK       ; None                        ; None                      ; 2.178 ns                ;
; N/A   ; Restricted to 340.02 MHz ( period = 2.941 ns ) ; Scounter8:inst5|Scounter2:inst7|inst  ; Scounter8:inst5|Scounter2:inst4|inst  ; CK         ; CK       ; None                        ; None                      ; 2.178 ns                ;
; N/A   ; Restricted to 340.02 MHz ( period = 2.941 ns ) ; Scounter8:inst1|Scounter2:inst7|inst  ; Scounter8:inst1|Scounter2:inst6|inst  ; CK         ; CK       ; None                        ; None                      ; 2.203 ns                ;
; N/A   ; Restricted to 340.02 MHz ( period = 2.941 ns ) ; Scounter8:inst1|Scounter2:inst5|inst  ; Scounter8:inst1|Scounter2:inst4|inst1 ; CK         ; CK       ; None                        ; None                      ; 1.983 ns                ;
; N/A   ; Restricted to 340.02 MHz ( period = 2.941 ns ) ; Scounter8:inst1|Scounter2:inst5|inst  ; Scounter8:inst1|Scounter2:inst4|inst  ; CK         ; CK       ; None                        ; None                      ; 1.982 ns                ;
; N/A   ; Restricted to 340.02 MHz ( period = 2.941 ns ) ; Scounter8:inst1|Scounter2:inst7|inst1 ; Scounter8:inst1|Scounter2:inst7|inst  ; CK         ; CK       ; None                        ; None                      ; 1.919 ns                ;
; N/A   ; Restricted to 340.02 MHz ( period = 2.941 ns ) ; Scounter8:inst5|Scounter2:inst6|inst1 ; Scounter8:inst5|Scounter2:inst4|inst1 ; CK         ; CK       ; None                        ; None                      ; 1.947 ns                ;
; N/A   ; Restricted to 340.02 MHz ( period = 2.941 ns ) ; Scounter8:inst5|Scounter2:inst6|inst1 ; Scounter8:inst5|Scounter2:inst4|inst  ; CK         ; CK       ; None                        ; None                      ; 1.947 ns                ;
; N/A   ; Restricted to 340.02 MHz ( period = 2.941 ns ) ; Scounter8:inst1|Scounter2:inst7|inst  ; Scounter8:inst1|Scounter2:inst6|inst1 ; CK         ; CK       ; None                        ; None                      ; 1.919 ns                ;
; N/A   ; Restricted to 340.02 MHz ( period = 2.941 ns ) ; Scounter8:inst5|Scounter2:inst7|inst1 ; Scounter8:inst5|Scounter2:inst5|inst1 ; CK         ; CK       ; None                        ; None                      ; 1.812 ns                ;
; N/A   ; Restricted to 340.02 MHz ( period = 2.941 ns ) ; Scounter8:inst5|Scounter2:inst7|inst1 ; Scounter8:inst5|Scounter2:inst5|inst  ; CK         ; CK       ; None                        ; None                      ; 1.809 ns                ;
; N/A   ; Restricted to 340.02 MHz ( period = 2.941 ns ) ; Scounter8:inst1|Scounter2:inst5|inst1 ; Scounter8:inst1|Scounter2:inst4|inst  ; CK         ; CK       ; None                        ; None                      ; 1.809 ns                ;
; N/A   ; Restricted to 340.02 MHz ( period = 2.941 ns ) ; Scounter8:inst1|Scounter2:inst5|inst1 ; Scounter8:inst1|Scounter2:inst4|inst1 ; CK         ; CK       ; None                        ; None                      ; 1.807 ns                ;
; N/A   ; Restricted to 340.02 MHz ( period = 2.941 ns ) ; Scounter8:inst5|Scounter2:inst4|inst1 ; Scounter8:inst5|Scounter2:inst4|inst  ; CK         ; CK       ; None                        ; None                      ; 1.795 ns                ;
; N/A   ; Restricted to 340.02 MHz ( period = 2.941 ns ) ; Scounter8:inst5|Scounter2:inst6|inst  ; Scounter8:inst5|Scounter2:inst4|inst1 ; CK         ; CK       ; None                        ; None                      ; 1.783 ns                ;
; N/A   ; Restricted to 340.02 MHz ( period = 2.941 ns ) ; Scounter8:inst5|Scounter2:inst6|inst  ; Scounter8:inst5|Scounter2:inst4|inst  ; CK         ; CK       ; None                        ; None                      ; 1.783 ns                ;
; N/A   ; Restricted to 340.02 MHz ( period = 2.941 ns ) ; Scounter8:inst5|Scounter2:inst7|inst  ; Scounter8:inst5|Scounter2:inst5|inst1 ; CK         ; CK       ; None                        ; None                      ; 1.752 ns                ;
; N/A   ; Restricted to 340.02 MHz ( period = 2.941 ns ) ; Scounter8:inst5|Scounter2:inst7|inst  ; Scounter8:inst5|Scounter2:inst5|inst  ; CK         ; CK       ; None                        ; None                      ; 1.749 ns                ;
; N/A   ; Restricted to 340.02 MHz ( period = 2.941 ns ) ; Scounter8:inst5|Scounter2:inst7|inst1 ; Scounter8:inst5|Scounter2:inst6|inst  ; CK         ; CK       ; None                        ; None                      ; 1.523 ns                ;
; N/A   ; Restricted to 340.02 MHz ( period = 2.941 ns ) ; Scounter8:inst5|Scounter2:inst6|inst1 ; Scounter8:inst5|Scounter2:inst5|inst1 ; CK         ; CK       ; None                        ; None                      ; 1.521 ns                ;
; N/A   ; Restricted to 340.02 MHz ( period = 2.941 ns ) ; Scounter8:inst5|Scounter2:inst6|inst1 ; Scounter8:inst5|Scounter2:inst5|inst  ; CK         ; CK       ; None                        ; None                      ; 1.518 ns                ;
; N/A   ; Restricted to 340.02 MHz ( period = 2.941 ns ) ; Scounter8:inst5|Scounter2:inst5|inst1 ; Scounter8:inst5|Scounter2:inst4|inst1 ; CK         ; CK       ; None                        ; None                      ; 1.511 ns                ;
; N/A   ; Restricted to 340.02 MHz ( period = 2.941 ns ) ; Scounter8:inst5|Scounter2:inst5|inst1 ; Scounter8:inst5|Scounter2:inst4|inst  ; CK         ; CK       ; None                        ; None                      ; 1.511 ns                ;
; N/A   ; Restricted to 340.02 MHz ( period = 2.941 ns ) ; Scounter8:inst1|Scounter2:inst6|inst1 ; Scounter8:inst1|Scounter2:inst6|inst  ; CK         ; CK       ; None                        ; None                      ; 1.486 ns                ;
; N/A   ; Restricted to 340.02 MHz ( period = 2.941 ns ) ; Scounter8:inst5|Scounter2:inst7|inst  ; Scounter8:inst5|Scounter2:inst6|inst1 ; CK         ; CK       ; None                        ; None                      ; 1.479 ns                ;
; N/A   ; Restricted to 340.02 MHz ( period = 2.941 ns ) ; Scounter8:inst5|Scounter2:inst6|inst1 ; Scounter8:inst5|Scounter2:inst6|inst  ; CK         ; CK       ; None                        ; None                      ; 1.477 ns                ;
; N/A   ; Restricted to 340.02 MHz ( period = 2.941 ns ) ; Scounter8:inst1|Scounter2:inst5|inst1 ; Scounter8:inst1|Scounter2:inst5|inst  ; CK         ; CK       ; None                        ; None                      ; 1.449 ns                ;
; N/A   ; Restricted to 340.02 MHz ( period = 2.941 ns ) ; Scounter8:inst5|Scounter2:inst6|inst  ; Scounter8:inst5|Scounter2:inst5|inst1 ; CK         ; CK       ; None                        ; None                      ; 1.357 ns                ;
; N/A   ; Restricted to 340.02 MHz ( period = 2.941 ns ) ; Scounter8:inst5|Scounter2:inst6|inst  ; Scounter8:inst5|Scounter2:inst5|inst  ; CK         ; CK       ; None                        ; None                      ; 1.354 ns                ;
; N/A   ; Restricted to 340.02 MHz ( period = 2.941 ns ) ; Scounter8:inst5|Scounter2:inst7|inst  ; Scounter8:inst5|Scounter2:inst6|inst  ; CK         ; CK       ; None                        ; None                      ; 1.342 ns                ;
; N/A   ; Restricted to 340.02 MHz ( period = 2.941 ns ) ; Scounter8:inst5|Scounter2:inst5|inst  ; Scounter8:inst5|Scounter2:inst4|inst1 ; CK         ; CK       ; None                        ; None                      ; 1.340 ns                ;
; N/A   ; Restricted to 340.02 MHz ( period = 2.941 ns ) ; Scounter8:inst5|Scounter2:inst5|inst  ; Scounter8:inst5|Scounter2:inst4|inst  ; CK         ; CK       ; None                        ; None                      ; 1.340 ns                ;
; N/A   ; Restricted to 340.02 MHz ( period = 2.941 ns ) ; Scounter8:inst5|Scounter2:inst7|inst1 ; Scounter8:inst5|Scounter2:inst6|inst1 ; CK         ; CK       ; None                        ; None                      ; 1.262 ns                ;
; N/A   ; Restricted to 340.02 MHz ( period = 2.941 ns ) ; Scounter8:inst5|Scounter2:inst7|inst1 ; Scounter8:inst5|Scounter2:inst7|inst  ; CK         ; CK       ; None                        ; None                      ; 1.254 ns                ;
; N/A   ; Restricted to 340.02 MHz ( period = 2.941 ns ) ; Scounter8:inst5|Scounter2:inst5|inst1 ; Scounter8:inst5|Scounter2:inst5|inst  ; CK         ; CK       ; None                        ; None                      ; 1.193 ns                ;
; N/A   ; Restricted to 340.02 MHz ( period = 2.941 ns ) ; Scounter8:inst1|Scounter2:inst7|inst1 ; Scounter8:inst1|Scounter2:inst6|inst1 ; CK         ; CK       ; None                        ; None                      ; 1.068 ns                ;
; N/A   ; Restricted to 340.02 MHz ( period = 2.941 ns ) ; Scounter8:inst5|Scounter2:inst7|inst1 ; Scounter8:inst5|Scounter2:inst7|inst1 ; CK         ; CK       ; None                        ; None                      ; 0.501 ns                ;
; N/A   ; Restricted to 340.02 MHz ( period = 2.941 ns ) ; Scounter8:inst5|Scounter2:inst7|inst  ; Scounter8:inst5|Scounter2:inst7|inst  ; CK         ; CK       ; None                        ; None                      ; 0.501 ns                ;
; N/A   ; Restricted to 340.02 MHz ( period = 2.941 ns ) ; Scounter8:inst5|Scounter2:inst6|inst1 ; Scounter8:inst5|Scounter2:inst6|inst1 ; CK         ; CK       ; None                        ; None                      ; 0.501 ns                ;
; N/A   ; Restricted to 340.02 MHz ( period = 2.941 ns ) ; Scounter8:inst5|Scounter2:inst6|inst  ; Scounter8:inst5|Scounter2:inst6|inst  ; CK         ; CK       ; None                        ; None                      ; 0.501 ns                ;
; N/A   ; Restricted to 340.02 MHz ( period = 2.941 ns ) ; Scounter8:inst5|Scounter2:inst5|inst1 ; Scounter8:inst5|Scounter2:inst5|inst1 ; CK         ; CK       ; None                        ; None                      ; 0.501 ns                ;
; N/A   ; Restricted to 340.02 MHz ( period = 2.941 ns ) ; Scounter8:inst5|Scounter2:inst5|inst  ; Scounter8:inst5|Scounter2:inst5|inst  ; CK         ; CK       ; None                        ; None                      ; 0.501 ns                ;
; N/A   ; Restricted to 340.02 MHz ( period = 2.941 ns ) ; Scounter8:inst5|Scounter2:inst4|inst1 ; Scounter8:inst5|Scounter2:inst4|inst1 ; CK         ; CK       ; None                        ; None                      ; 0.501 ns                ;
; N/A   ; Restricted to 340.02 MHz ( period = 2.941 ns ) ; Scounter8:inst5|Scounter2:inst4|inst  ; Scounter8:inst5|Scounter2:inst4|inst  ; CK         ; CK       ; None                        ; None                      ; 0.501 ns                ;
; N/A   ; Restricted to 340.02 MHz ( period = 2.941 ns ) ; Scounter8:inst1|Scounter2:inst7|inst1 ; Scounter8:inst1|Scounter2:inst7|inst1 ; CK         ; CK       ; None                        ; None                      ; 0.501 ns                ;
; N/A   ; Restricted to 340.02 MHz ( period = 2.941 ns ) ; Scounter8:inst1|Scounter2:inst7|inst  ; Scounter8:inst1|Scounter2:inst7|inst  ; CK         ; CK       ; None                        ; None                      ; 0.501 ns                ;
; N/A   ; Restricted to 340.02 MHz ( period = 2.941 ns ) ; Scounter8:inst1|Scounter2:inst6|inst1 ; Scounter8:inst1|Scounter2:inst6|inst1 ; CK         ; CK       ; None                        ; None                      ; 0.501 ns                ;
; N/A   ; Restricted to 340.02 MHz ( period = 2.941 ns ) ; Scounter8:inst1|Scounter2:inst6|inst  ; Scounter8:inst1|Scounter2:inst6|inst  ; CK         ; CK       ; None                        ; None                      ; 0.501 ns                ;
; N/A   ; Restricted to 340.02 MHz ( period = 2.941 ns ) ; Scounter8:inst1|Scounter2:inst5|inst1 ; Scounter8:inst1|Scounter2:inst5|inst1 ; CK         ; CK       ; None                        ; None                      ; 0.501 ns                ;
; N/A   ; Restricted to 340.02 MHz ( period = 2.941 ns ) ; Scounter8:inst1|Scounter2:inst5|inst  ; Scounter8:inst1|Scounter2:inst5|inst  ; CK         ; CK       ; None                        ; None                      ; 0.501 ns                ;
; N/A   ; Restricted to 340.02 MHz ( period = 2.941 ns ) ; Scounter8:inst1|Scounter2:inst4|inst1 ; Scounter8:inst1|Scounter2:inst4|inst1 ; CK         ; CK       ; None                        ; None                      ; 0.501 ns                ;
; N/A   ; Restricted to 340.02 MHz ( period = 2.941 ns ) ; Scounter8:inst1|Scounter2:inst4|inst  ; Scounter8:inst1|Scounter2:inst4|inst  ; CK         ; CK       ; None                        ; None                      ; 0.501 ns                ;
+-------+------------------------------------------------+---------------------------------------+---------------------------------------+------------+----------+-----------------------------+---------------------------+-------------------------+


+----------------------------------------------------------------------------------------------------------------------------------------------------------------------------------------------------------------------------------------------------+
; Clock Setup: 'CPR0'                                                                                                                                                                                                                                ;
+-------+------------------------------------------------+---------------------------------------+---------------------------------------+------------+----------+-----------------------------+---------------------------+-------------------------+
; Slack ; Actual fmax (period)                           ; From                                  ; To                                    ; From Clock ; To Clock ; Required Setup Relationship ; Required Longest P2P Time ; Actual Longest P2P Time ;
+-------+------------------------------------------------+---------------------------------------+---------------------------------------+------------+----------+-----------------------------+---------------------------+-------------------------+
; N/A   ; 259.40 MHz ( period = 3.855 ns )               ; Scounter8:inst1|Scounter2:inst7|inst  ; Scounter8:inst1|Scounter2:inst4|inst1 ; CPR0       ; CPR0     ; None                        ; None                      ; 3.579 ns                ;
; N/A   ; 259.47 MHz ( period = 3.854 ns )               ; Scounter8:inst1|Scounter2:inst7|inst  ; Scounter8:inst1|Scounter2:inst4|inst  ; CPR0       ; CPR0     ; None                        ; None                      ; 3.578 ns                ;
; N/A   ; 259.54 MHz ( period = 3.853 ns )               ; Scounter8:inst1|Scounter2:inst7|inst  ; Scounter8:inst1|Scounter2:inst5|inst1 ; CPR0       ; CPR0     ; None                        ; None                      ; 3.577 ns                ;
; N/A   ; 259.61 MHz ( period = 3.852 ns )               ; Scounter8:inst1|Scounter2:inst7|inst  ; Scounter8:inst1|Scounter2:inst5|inst  ; CPR0       ; CPR0     ; None                        ; None                      ; 3.576 ns                ;
; N/A   ; 260.42 MHz ( period = 3.840 ns )               ; Scounter8:inst1|Scounter2:inst6|inst1 ; Scounter8:inst1|Scounter2:inst4|inst1 ; CPR0       ; CPR0     ; None                        ; None                      ; 3.535 ns                ;
; N/A   ; 260.48 MHz ( period = 3.839 ns )               ; Scounter8:inst1|Scounter2:inst6|inst1 ; Scounter8:inst1|Scounter2:inst4|inst  ; CPR0       ; CPR0     ; None                        ; None                      ; 3.534 ns                ;
; N/A   ; 260.55 MHz ( period = 3.838 ns )               ; Scounter8:inst1|Scounter2:inst6|inst1 ; Scounter8:inst1|Scounter2:inst5|inst1 ; CPR0       ; CPR0     ; None                        ; None                      ; 3.533 ns                ;
; N/A   ; 260.62 MHz ( period = 3.837 ns )               ; Scounter8:inst1|Scounter2:inst6|inst1 ; Scounter8:inst1|Scounter2:inst5|inst  ; CPR0       ; CPR0     ; None                        ; None                      ; 3.532 ns                ;
; N/A   ; 277.70 MHz ( period = 3.601 ns )               ; Scounter8:inst1|Scounter2:inst6|inst  ; Scounter8:inst1|Scounter2:inst4|inst1 ; CPR0       ; CPR0     ; None                        ; None                      ; 3.296 ns                ;
; N/A   ; 277.78 MHz ( period = 3.600 ns )               ; Scounter8:inst1|Scounter2:inst6|inst  ; Scounter8:inst1|Scounter2:inst4|inst  ; CPR0       ; CPR0     ; None                        ; None                      ; 3.295 ns                ;
; N/A   ; 277.85 MHz ( period = 3.599 ns )               ; Scounter8:inst1|Scounter2:inst6|inst  ; Scounter8:inst1|Scounter2:inst5|inst1 ; CPR0       ; CPR0     ; None                        ; None                      ; 3.294 ns                ;
; N/A   ; 277.93 MHz ( period = 3.598 ns )               ; Scounter8:inst1|Scounter2:inst6|inst  ; Scounter8:inst1|Scounter2:inst5|inst  ; CPR0       ; CPR0     ; None                        ; None                      ; 3.293 ns                ;
; N/A   ; 299.85 MHz ( period = 3.335 ns )               ; Scounter8:inst1|Scounter2:inst7|inst1 ; Scounter8:inst1|Scounter2:inst4|inst1 ; CPR0       ; CPR0     ; None                        ; None                      ; 3.030 ns                ;
; N/A   ; 299.94 MHz ( period = 3.334 ns )               ; Scounter8:inst1|Scounter2:inst7|inst1 ; Scounter8:inst1|Scounter2:inst4|inst  ; CPR0       ; CPR0     ; None                        ; None                      ; 3.029 ns                ;
; N/A   ; 300.03 MHz ( period = 3.333 ns )               ; Scounter8:inst1|Scounter2:inst7|inst1 ; Scounter8:inst1|Scounter2:inst5|inst1 ; CPR0       ; CPR0     ; None                        ; None                      ; 3.028 ns                ;
; N/A   ; 300.12 MHz ( period = 3.332 ns )               ; Scounter8:inst1|Scounter2:inst7|inst1 ; Scounter8:inst1|Scounter2:inst5|inst  ; CPR0       ; CPR0     ; None                        ; None                      ; 3.027 ns                ;
; N/A   ; 328.41 MHz ( period = 3.045 ns )               ; Scounter8:inst1|Scounter2:inst7|inst1 ; Scounter8:inst1|Scounter2:inst6|inst  ; CPR0       ; CPR0     ; None                        ; None                      ; 2.781 ns                ;
; N/A   ; Restricted to 360.10 MHz ( period = 2.777 ns ) ; Scounter8:inst1|Scounter2:inst4|inst1 ; Scounter8:inst1|Scounter2:inst4|inst  ; CPR0       ; CPR0     ; None                        ; None                      ; 2.218 ns                ;
; N/A   ; Restricted to 360.10 MHz ( period = 2.777 ns ) ; Scounter8:inst1|Scounter2:inst7|inst  ; Scounter8:inst1|Scounter2:inst6|inst  ; CPR0       ; CPR0     ; None                        ; None                      ; 2.203 ns                ;
; N/A   ; Restricted to 360.10 MHz ( period = 2.777 ns ) ; Scounter8:inst1|Scounter2:inst5|inst  ; Scounter8:inst1|Scounter2:inst4|inst1 ; CPR0       ; CPR0     ; None                        ; None                      ; 1.983 ns                ;
; N/A   ; Restricted to 360.10 MHz ( period = 2.777 ns ) ; Scounter8:inst1|Scounter2:inst5|inst  ; Scounter8:inst1|Scounter2:inst4|inst  ; CPR0       ; CPR0     ; None                        ; None                      ; 1.982 ns                ;
; N/A   ; Restricted to 360.10 MHz ( period = 2.777 ns ) ; Scounter8:inst1|Scounter2:inst7|inst1 ; Scounter8:inst1|Scounter2:inst7|inst  ; CPR0       ; CPR0     ; None                        ; None                      ; 1.919 ns                ;
; N/A   ; Restricted to 360.10 MHz ( period = 2.777 ns ) ; Scounter8:inst1|Scounter2:inst7|inst  ; Scounter8:inst1|Scounter2:inst6|inst1 ; CPR0       ; CPR0     ; None                        ; None                      ; 1.919 ns                ;
; N/A   ; Restricted to 360.10 MHz ( period = 2.777 ns ) ; Scounter8:inst1|Scounter2:inst5|inst1 ; Scounter8:inst1|Scounter2:inst4|inst  ; CPR0       ; CPR0     ; None                        ; None                      ; 1.809 ns                ;
; N/A   ; Restricted to 360.10 MHz ( period = 2.777 ns ) ; Scounter8:inst1|Scounter2:inst5|inst1 ; Scounter8:inst1|Scounter2:inst4|inst1 ; CPR0       ; CPR0     ; None                        ; None                      ; 1.807 ns                ;
; N/A   ; Restricted to 360.10 MHz ( period = 2.777 ns ) ; Scounter8:inst1|Scounter2:inst6|inst1 ; Scounter8:inst1|Scounter2:inst6|inst  ; CPR0       ; CPR0     ; None                        ; None                      ; 1.486 ns                ;
; N/A   ; Restricted to 360.10 MHz ( period = 2.777 ns ) ; Scounter8:inst1|Scounter2:inst5|inst1 ; Scounter8:inst1|Scounter2:inst5|inst  ; CPR0       ; CPR0     ; None                        ; None                      ; 1.449 ns                ;
; N/A   ; Restricted to 360.10 MHz ( period = 2.777 ns ) ; Scounter8:inst1|Scounter2:inst7|inst1 ; Scounter8:inst1|Scounter2:inst6|inst1 ; CPR0       ; CPR0     ; None                        ; None                      ; 1.068 ns                ;
; N/A   ; Restricted to 360.10 MHz ( period = 2.777 ns ) ; Scounter8:inst1|Scounter2:inst7|inst1 ; Scounter8:inst1|Scounter2:inst7|inst1 ; CPR0       ; CPR0     ; None                        ; None                      ; 0.501 ns                ;
; N/A   ; Restricted to 360.10 MHz ( period = 2.777 ns ) ; Scounter8:inst1|Scounter2:inst7|inst  ; Scounter8:inst1|Scounter2:inst7|inst  ; CPR0       ; CPR0     ; None                        ; None                      ; 0.501 ns                ;
; N/A   ; Restricted to 360.10 MHz ( period = 2.777 ns ) ; Scounter8:inst1|Scounter2:inst6|inst1 ; Scounter8:inst1|Scounter2:inst6|inst1 ; CPR0       ; CPR0     ; None                        ; None                      ; 0.501 ns                ;
; N/A   ; Restricted to 360.10 MHz ( period = 2.777 ns ) ; Scounter8:inst1|Scounter2:inst6|inst  ; Scounter8:inst1|Scounter2:inst6|inst  ; CPR0       ; CPR0     ; None                        ; None                      ; 0.501 ns                ;
; N/A   ; Restricted to 360.10 MHz ( period = 2.777 ns ) ; Scounter8:inst1|Scounter2:inst5|inst1 ; Scounter8:inst1|Scounter2:inst5|inst1 ; CPR0       ; CPR0     ; None                        ; None                      ; 0.501 ns                ;
; N/A   ; Restricted to 360.10 MHz ( period = 2.777 ns ) ; Scounter8:inst1|Scounter2:inst5|inst  ; Scounter8:inst1|Scounter2:inst5|inst  ; CPR0       ; CPR0     ; None                        ; None                      ; 0.501 ns                ;
; N/A   ; Restricted to 360.10 MHz ( period = 2.777 ns ) ; Scounter8:inst1|Scounter2:inst4|inst1 ; Scounter8:inst1|Scounter2:inst4|inst1 ; CPR0       ; CPR0     ; None                        ; None                      ; 0.501 ns                ;
; N/A   ; Restricted to 360.10 MHz ( period = 2.777 ns ) ; Scounter8:inst1|Scounter2:inst4|inst  ; Scounter8:inst1|Scounter2:inst4|inst  ; CPR0       ; CPR0     ; None                        ; None                      ; 0.501 ns                ;
+-------+------------------------------------------------+---------------------------------------+---------------------------------------+------------+----------+-----------------------------+---------------------------+-------------------------+


+------------------------------------------------------------------------------------------------+
; tsu                                                                                            ;
+-------+--------------+------------+---------+---------------------------------------+----------+
; Slack ; Required tsu ; Actual tsu ; From    ; To                                    ; To Clock ;
+-------+--------------+------------+---------+---------------------------------------+----------+
; N/A   ; None         ; 5.954 ns   ; LD      ; Scounter8:inst5|Scounter2:inst6|inst  ; CK       ;
; N/A   ; None         ; 5.954 ns   ; LD      ; Scounter8:inst5|Scounter2:inst4|inst  ; CK       ;
; N/A   ; None         ; 5.952 ns   ; LD      ; Scounter8:inst5|Scounter2:inst4|inst1 ; CK       ;
; N/A   ; None         ; 5.949 ns   ; LD      ; Scounter8:inst5|Scounter2:inst5|inst1 ; CK       ;
; N/A   ; None         ; 5.945 ns   ; LD      ; Scounter8:inst5|Scounter2:inst5|inst  ; CK       ;
; N/A   ; None         ; 5.480 ns   ; LD      ; Scounter8:inst5|Scounter2:inst7|inst1 ; CK       ;
; N/A   ; None         ; 5.479 ns   ; LD      ; Scounter8:inst5|Scounter2:inst7|inst  ; CK       ;
; N/A   ; None         ; 5.467 ns   ; LD      ; Scounter8:inst5|Scounter2:inst6|inst1 ; CK       ;
; N/A   ; None         ; 4.334 ns   ; EN_read ; TheOne8:inst2|inst                    ; CK       ;
; N/A   ; None         ; 4.000 ns   ; R7      ; TheOne8:inst2|inst                    ; CK       ;
; N/A   ; None         ; 3.759 ns   ; EN_read ; TheOne8:inst3|inst2                   ; CK       ;
; N/A   ; None         ; 3.717 ns   ; EN_read ; TheOne8:inst3|inst7                   ; CK       ;
; N/A   ; None         ; 3.597 ns   ; EN_read ; TheOne8:inst3|inst1                   ; CK       ;
; N/A   ; None         ; 3.588 ns   ; EN_read ; TheOne8:inst3|inst3                   ; CK       ;
; N/A   ; None         ; 3.542 ns   ; R6      ; TheOne8:inst3|inst1                   ; CK       ;
; N/A   ; None         ; 3.467 ns   ; R3      ; TheOne8:inst3|inst4                   ; CK       ;
; N/A   ; None         ; 3.463 ns   ; R2      ; TheOne8:inst3|inst5                   ; CK       ;
; N/A   ; None         ; 3.427 ns   ; R5      ; TheOne8:inst3|inst2                   ; CK       ;
; N/A   ; None         ; 3.344 ns   ; R0      ; TheOne8:inst3|inst7                   ; CK       ;
; N/A   ; None         ; 3.341 ns   ; EN_read ; TheOne8:inst2|inst                    ; CPR1     ;
; N/A   ; None         ; 3.200 ns   ; EN_read ; TheOne8:inst3|inst4                   ; CK       ;
; N/A   ; None         ; 3.199 ns   ; EN_read ; TheOne8:inst3|inst5                   ; CK       ;
; N/A   ; None         ; 3.128 ns   ; EN_read ; TheOne8:inst3|inst6                   ; CK       ;
; N/A   ; None         ; 3.118 ns   ; R1      ; TheOne8:inst3|inst6                   ; CK       ;
; N/A   ; None         ; 3.007 ns   ; R7      ; TheOne8:inst2|inst                    ; CPR1     ;
; N/A   ; None         ; 2.885 ns   ; R4      ; TheOne8:inst3|inst3                   ; CK       ;
; N/A   ; None         ; 2.529 ns   ; EN_read ; TheOne8:inst3|inst2                   ; CPR2     ;
; N/A   ; None         ; 2.487 ns   ; EN_read ; TheOne8:inst3|inst7                   ; CPR2     ;
; N/A   ; None         ; 2.367 ns   ; EN_read ; TheOne8:inst3|inst1                   ; CPR2     ;
; N/A   ; None         ; 2.358 ns   ; EN_read ; TheOne8:inst3|inst3                   ; CPR2     ;
; N/A   ; None         ; 2.312 ns   ; R6      ; TheOne8:inst3|inst1                   ; CPR2     ;
; N/A   ; None         ; 2.237 ns   ; R3      ; TheOne8:inst3|inst4                   ; CPR2     ;
; N/A   ; None         ; 2.233 ns   ; R2      ; TheOne8:inst3|inst5                   ; CPR2     ;
; N/A   ; None         ; 2.197 ns   ; R5      ; TheOne8:inst3|inst2                   ; CPR2     ;
; N/A   ; None         ; 2.129 ns   ; EN_read ; TheOne8:inst3|inst                    ; CK       ;
; N/A   ; None         ; 2.114 ns   ; R0      ; TheOne8:inst3|inst7                   ; CPR2     ;
; N/A   ; None         ; 2.093 ns   ; LD      ; Scounter8:inst1|Scounter2:inst6|inst  ; CK       ;
; N/A   ; None         ; 2.089 ns   ; LD      ; Scounter8:inst1|Scounter2:inst6|inst1 ; CK       ;
; N/A   ; None         ; 1.970 ns   ; EN_read ; TheOne8:inst3|inst4                   ; CPR2     ;
; N/A   ; None         ; 1.969 ns   ; EN_read ; TheOne8:inst3|inst5                   ; CPR2     ;
; N/A   ; None         ; 1.921 ns   ; LD      ; Scounter8:inst1|Scounter2:inst4|inst1 ; CK       ;
; N/A   ; None         ; 1.921 ns   ; LD      ; Scounter8:inst1|Scounter2:inst4|inst  ; CK       ;
; N/A   ; None         ; 1.919 ns   ; LD      ; Scounter8:inst1|Scounter2:inst5|inst1 ; CK       ;
; N/A   ; None         ; 1.919 ns   ; LD      ; Scounter8:inst1|Scounter2:inst5|inst  ; CK       ;
; N/A   ; None         ; 1.898 ns   ; EN_read ; TheOne8:inst3|inst6                   ; CPR2     ;
; N/A   ; None         ; 1.892 ns   ; R3      ; TheOne8:inst2|inst4                   ; CK       ;
; N/A   ; None         ; 1.888 ns   ; R2      ; TheOne8:inst2|inst5                   ; CK       ;
; N/A   ; None         ; 1.888 ns   ; R1      ; TheOne8:inst3|inst6                   ; CPR2     ;
; N/A   ; None         ; 1.795 ns   ; R7      ; TheOne8:inst3|inst                    ; CK       ;
; N/A   ; None         ; 1.655 ns   ; R4      ; TheOne8:inst3|inst3                   ; CPR2     ;
; N/A   ; None         ; 1.625 ns   ; EN_read ; TheOne8:inst2|inst4                   ; CK       ;
; N/A   ; None         ; 1.624 ns   ; EN_read ; TheOne8:inst2|inst6                   ; CK       ;
; N/A   ; None         ; 1.624 ns   ; EN_read ; TheOne8:inst2|inst5                   ; CK       ;
; N/A   ; None         ; 1.621 ns   ; EN_read ; TheOne8:inst2|inst3                   ; CK       ;
; N/A   ; None         ; 1.620 ns   ; EN_read ; TheOne8:inst2|inst2                   ; CK       ;
; N/A   ; None         ; 1.620 ns   ; EN_read ; TheOne8:inst2|inst1                   ; CK       ;
; N/A   ; None         ; 1.618 ns   ; EN_read ; TheOne8:inst2|inst7                   ; CK       ;
; N/A   ; None         ; 1.615 ns   ; LD      ; Scounter8:inst1|Scounter2:inst7|inst1 ; CK       ;
; N/A   ; None         ; 1.614 ns   ; R1      ; TheOne8:inst2|inst6                   ; CK       ;
; N/A   ; None         ; 1.565 ns   ; R6      ; TheOne8:inst2|inst1                   ; CK       ;
; N/A   ; None         ; 1.452 ns   ; LD      ; Scounter8:inst1|Scounter2:inst7|inst  ; CK       ;
; N/A   ; None         ; 1.288 ns   ; R5      ; TheOne8:inst2|inst2                   ; CK       ;
; N/A   ; None         ; 1.245 ns   ; R0      ; TheOne8:inst2|inst7                   ; CK       ;
; N/A   ; None         ; 0.918 ns   ; R4      ; TheOne8:inst2|inst3                   ; CK       ;
; N/A   ; None         ; 0.899 ns   ; R3      ; TheOne8:inst2|inst4                   ; CPR1     ;
; N/A   ; None         ; 0.899 ns   ; EN_read ; TheOne8:inst3|inst                    ; CPR2     ;
; N/A   ; None         ; 0.895 ns   ; R2      ; TheOne8:inst2|inst5                   ; CPR1     ;
; N/A   ; None         ; 0.806 ns   ; LD      ; Scounter8:inst1|Scounter2:inst6|inst  ; CPR0     ;
; N/A   ; None         ; 0.802 ns   ; LD      ; Scounter8:inst1|Scounter2:inst6|inst1 ; CPR0     ;
; N/A   ; None         ; 0.634 ns   ; LD      ; Scounter8:inst1|Scounter2:inst4|inst1 ; CPR0     ;
; N/A   ; None         ; 0.634 ns   ; LD      ; Scounter8:inst1|Scounter2:inst4|inst  ; CPR0     ;
; N/A   ; None         ; 0.632 ns   ; EN_read ; TheOne8:inst2|inst4                   ; CPR1     ;
; N/A   ; None         ; 0.632 ns   ; LD      ; Scounter8:inst1|Scounter2:inst5|inst1 ; CPR0     ;
; N/A   ; None         ; 0.632 ns   ; LD      ; Scounter8:inst1|Scounter2:inst5|inst  ; CPR0     ;
; N/A   ; None         ; 0.631 ns   ; EN_read ; TheOne8:inst2|inst6                   ; CPR1     ;
; N/A   ; None         ; 0.631 ns   ; EN_read ; TheOne8:inst2|inst5                   ; CPR1     ;
; N/A   ; None         ; 0.628 ns   ; EN_read ; TheOne8:inst2|inst3                   ; CPR1     ;
; N/A   ; None         ; 0.627 ns   ; EN_read ; TheOne8:inst2|inst2                   ; CPR1     ;
; N/A   ; None         ; 0.627 ns   ; EN_read ; TheOne8:inst2|inst1                   ; CPR1     ;
; N/A   ; None         ; 0.625 ns   ; EN_read ; TheOne8:inst2|inst7                   ; CPR1     ;
; N/A   ; None         ; 0.621 ns   ; R1      ; TheOne8:inst2|inst6                   ; CPR1     ;
; N/A   ; None         ; 0.572 ns   ; R6      ; TheOne8:inst2|inst1                   ; CPR1     ;
; N/A   ; None         ; 0.565 ns   ; R7      ; TheOne8:inst3|inst                    ; CPR2     ;
; N/A   ; None         ; 0.328 ns   ; LD      ; Scounter8:inst1|Scounter2:inst7|inst1 ; CPR0     ;
; N/A   ; None         ; 0.295 ns   ; R5      ; TheOne8:inst2|inst2                   ; CPR1     ;
; N/A   ; None         ; 0.252 ns   ; R0      ; TheOne8:inst2|inst7                   ; CPR1     ;
; N/A   ; None         ; 0.165 ns   ; LD      ; Scounter8:inst1|Scounter2:inst7|inst  ; CPR0     ;
; N/A   ; None         ; -0.075 ns  ; R4      ; TheOne8:inst2|inst3                   ; CPR1     ;
+-------+--------------+------------+---------+---------------------------------------+----------+


+---------------------------------------------------------------------------------------------+
; tco                                                                                         ;
+-------+--------------+------------+---------------------------------------+----+------------+
; Slack ; Required tco ; Actual tco ; From                                  ; To ; From Clock ;
+-------+--------------+------------+---------------------------------------+----+------------+
; N/A   ; None         ; 17.531 ns  ; Scounter8:inst1|Scounter2:inst7|inst  ; A1 ; CPR0       ;
; N/A   ; None         ; 16.919 ns  ; TheOne8:inst2|inst6                   ; A1 ; CPR1       ;
; N/A   ; None         ; 16.916 ns  ; Scounter8:inst1|Scounter2:inst7|inst1 ; A0 ; CPR0       ;
; N/A   ; None         ; 16.244 ns  ; Scounter8:inst1|Scounter2:inst7|inst  ; A1 ; CK         ;
; N/A   ; None         ; 15.926 ns  ; TheOne8:inst2|inst6                   ; A1 ; CK         ;
; N/A   ; None         ; 15.925 ns  ; Scounter8:inst1|Scounter2:inst6|inst1 ; A2 ; CPR0       ;
; N/A   ; None         ; 15.809 ns  ; Scounter8:inst1|Scounter2:inst5|inst1 ; A4 ; CPR0       ;
; N/A   ; None         ; 15.776 ns  ; Scounter8:inst1|Scounter2:inst5|inst  ; A5 ; CPR0       ;
; N/A   ; None         ; 15.629 ns  ; Scounter8:inst1|Scounter2:inst7|inst1 ; A0 ; CK         ;
; N/A   ; None         ; 15.342 ns  ; Scounter8:inst1|Scounter2:inst4|inst  ; A7 ; CPR0       ;
; N/A   ; None         ; 15.326 ns  ; Scounter8:inst1|Scounter2:inst6|inst  ; A3 ; CPR0       ;
; N/A   ; None         ; 15.315 ns  ; Scounter8:inst1|Scounter2:inst4|inst1 ; A6 ; CPR0       ;
; N/A   ; None         ; 15.163 ns  ; TheOne8:inst2|inst3                   ; A4 ; CPR1       ;
; N/A   ; None         ; 15.142 ns  ; TheOne8:inst2|inst2                   ; A5 ; CPR1       ;
; N/A   ; None         ; 14.714 ns  ; TheOne8:inst2|inst5                   ; A2 ; CPR1       ;
; N/A   ; None         ; 14.685 ns  ; TheOne8:inst2|inst1                   ; A6 ; CPR1       ;
; N/A   ; None         ; 14.638 ns  ; Scounter8:inst1|Scounter2:inst6|inst1 ; A2 ; CK         ;
; N/A   ; None         ; 14.618 ns  ; TheOne8:inst2|inst4                   ; A3 ; CPR1       ;
; N/A   ; None         ; 14.522 ns  ; Scounter8:inst1|Scounter2:inst5|inst1 ; A4 ; CK         ;
; N/A   ; None         ; 14.489 ns  ; Scounter8:inst1|Scounter2:inst5|inst  ; A5 ; CK         ;
; N/A   ; None         ; 14.434 ns  ; TheOne8:inst2|inst7                   ; A0 ; CPR1       ;
; N/A   ; None         ; 14.170 ns  ; TheOne8:inst2|inst3                   ; A4 ; CK         ;
; N/A   ; None         ; 14.149 ns  ; TheOne8:inst2|inst2                   ; A5 ; CK         ;
; N/A   ; None         ; 14.055 ns  ; Scounter8:inst1|Scounter2:inst4|inst  ; A7 ; CK         ;
; N/A   ; None         ; 14.039 ns  ; Scounter8:inst1|Scounter2:inst6|inst  ; A3 ; CK         ;
; N/A   ; None         ; 14.028 ns  ; Scounter8:inst1|Scounter2:inst4|inst1 ; A6 ; CK         ;
; N/A   ; None         ; 14.009 ns  ; TheOne8:inst2|inst                    ; A7 ; CPR1       ;
; N/A   ; None         ; 13.894 ns  ; TheOne8:inst3|inst                    ; R7 ; CPR2       ;
; N/A   ; None         ; 13.721 ns  ; TheOne8:inst2|inst5                   ; A2 ; CK         ;
; N/A   ; None         ; 13.692 ns  ; TheOne8:inst2|inst1                   ; A6 ; CK         ;
; N/A   ; None         ; 13.625 ns  ; TheOne8:inst2|inst4                   ; A3 ; CK         ;
; N/A   ; None         ; 13.623 ns  ; TheOne8:inst3|inst1                   ; R6 ; CPR2       ;
; N/A   ; None         ; 13.622 ns  ; TheOne8:inst3|inst2                   ; R5 ; CPR2       ;
; N/A   ; None         ; 13.613 ns  ; TheOne8:inst3|inst4                   ; R3 ; CPR2       ;
; N/A   ; None         ; 13.595 ns  ; TheOne8:inst3|inst3                   ; R4 ; CPR2       ;
; N/A   ; None         ; 13.441 ns  ; TheOne8:inst2|inst7                   ; A0 ; CK         ;
; N/A   ; None         ; 13.259 ns  ; TheOne8:inst3|inst5                   ; R2 ; CPR2       ;
; N/A   ; None         ; 13.248 ns  ; TheOne8:inst3|inst6                   ; R1 ; CPR2       ;
; N/A   ; None         ; 13.224 ns  ; TheOne8:inst3|inst7                   ; R0 ; CPR2       ;
; N/A   ; None         ; 13.016 ns  ; TheOne8:inst2|inst                    ; A7 ; CK         ;
; N/A   ; None         ; 12.664 ns  ; TheOne8:inst3|inst                    ; R7 ; CK         ;
; N/A   ; None         ; 12.393 ns  ; TheOne8:inst3|inst1                   ; R6 ; CK         ;
; N/A   ; None         ; 12.392 ns  ; TheOne8:inst3|inst2                   ; R5 ; CK         ;
; N/A   ; None         ; 12.383 ns  ; TheOne8:inst3|inst4                   ; R3 ; CK         ;
; N/A   ; None         ; 12.365 ns  ; TheOne8:inst3|inst3                   ; R4 ; CK         ;
; N/A   ; None         ; 12.029 ns  ; TheOne8:inst3|inst5                   ; R2 ; CK         ;
; N/A   ; None         ; 12.018 ns  ; TheOne8:inst3|inst6                   ; R1 ; CK         ;
; N/A   ; None         ; 11.994 ns  ; TheOne8:inst3|inst7                   ; R0 ; CK         ;
; N/A   ; None         ; 7.842 ns   ; Scounter8:inst5|Scounter2:inst7|inst  ; Q1 ; CK         ;
; N/A   ; None         ; 7.815 ns   ; Scounter8:inst5|Scounter2:inst7|inst1 ; Q0 ; CK         ;
; N/A   ; None         ; 7.806 ns   ; Scounter8:inst5|Scounter2:inst4|inst  ; Q7 ; CK         ;
; N/A   ; None         ; 7.803 ns   ; Scounter8:inst5|Scounter2:inst4|inst1 ; Q6 ; CK         ;
; N/A   ; None         ; 7.803 ns   ; Scounter8:inst5|Scounter2:inst6|inst1 ; Q2 ; CK         ;
; N/A   ; None         ; 7.783 ns   ; Scounter8:inst5|Scounter2:inst5|inst  ; Q5 ; CK         ;
; N/A   ; None         ; 7.780 ns   ; Scounter8:inst5|Scounter2:inst5|inst1 ; Q4 ; CK         ;
; N/A   ; None         ; 7.422 ns   ; Scounter8:inst5|Scounter2:inst6|inst  ; Q3 ; CK         ;
+-------+--------------+------------+---------------------------------------+----+------------+


+---------------------------------------------------------------+
; tpd                                                           ;
+-------+-------------------+-----------------+----------+------+
; Slack ; Required P2P Time ; Actual P2P Time ; From     ; To   ;
+-------+-------------------+-----------------+----------+------+
; N/A   ; None              ; 15.558 ns       ; AY       ; A1   ;
; N/A   ; None              ; 15.161 ns       ; AY       ; A4   ;
; N/A   ; None              ; 15.129 ns       ; AY       ; A5   ;
; N/A   ; None              ; 15.073 ns       ; BY       ; A1   ;
; N/A   ; None              ; 14.695 ns       ; AY       ; A6   ;
; N/A   ; None              ; 14.681 ns       ; BY       ; A4   ;
; N/A   ; None              ; 14.650 ns       ; BY       ; A5   ;
; N/A   ; None              ; 14.429 ns       ; AY       ; A0   ;
; N/A   ; None              ; 14.428 ns       ; AY       ; A7   ;
; N/A   ; None              ; 14.262 ns       ; BY       ; A3   ;
; N/A   ; None              ; 14.210 ns       ; BY       ; A6   ;
; N/A   ; None              ; 14.054 ns       ; AY       ; A2   ;
; N/A   ; None              ; 13.946 ns       ; BY       ; A7   ;
; N/A   ; None              ; 13.942 ns       ; BY       ; A0   ;
; N/A   ; None              ; 13.936 ns       ; AY       ; A3   ;
; N/A   ; None              ; 13.900 ns       ; BY       ; A2   ;
; N/A   ; None              ; 11.547 ns       ; EN_write ; R7   ;
; N/A   ; None              ; 11.547 ns       ; EN_write ; R6   ;
; N/A   ; None              ; 11.547 ns       ; EN_write ; R5   ;
; N/A   ; None              ; 11.527 ns       ; EN_write ; wr   ;
; N/A   ; None              ; 11.291 ns       ; EN_read  ; rd   ;
; N/A   ; None              ; 11.192 ns       ; EN_write ; R4   ;
; N/A   ; None              ; 11.192 ns       ; EN_write ; R1   ;
; N/A   ; None              ; 11.192 ns       ; EN_write ; R0   ;
; N/A   ; None              ; 11.182 ns       ; EN_write ; R3   ;
; N/A   ; None              ; 11.172 ns       ; EN_write ; R2   ;
; N/A   ; None              ; 6.946 ns        ; CK       ; uRD  ;
; N/A   ; None              ; 6.944 ns        ; CK       ; CPIR ;
+-------+-------------------+-----------------+----------+------+


+------------------------------------------------------------------------------------------------------+
; th                                                                                                   ;
+---------------+-------------+-----------+---------+---------------------------------------+----------+
; Minimum Slack ; Required th ; Actual th ; From    ; To                                    ; To Clock ;
+---------------+-------------+-----------+---------+---------------------------------------+----------+
; N/A           ; None        ; 0.341 ns  ; R4      ; TheOne8:inst2|inst3                   ; CPR1     ;
; N/A           ; None        ; 0.101 ns  ; LD      ; Scounter8:inst1|Scounter2:inst7|inst  ; CPR0     ;
; N/A           ; None        ; 0.014 ns  ; R0      ; TheOne8:inst2|inst7                   ; CPR1     ;
; N/A           ; None        ; -0.029 ns ; R5      ; TheOne8:inst2|inst2                   ; CPR1     ;
; N/A           ; None        ; -0.062 ns ; LD      ; Scounter8:inst1|Scounter2:inst7|inst1 ; CPR0     ;
; N/A           ; None        ; -0.299 ns ; R7      ; TheOne8:inst3|inst                    ; CPR2     ;
; N/A           ; None        ; -0.306 ns ; R6      ; TheOne8:inst2|inst1                   ; CPR1     ;
; N/A           ; None        ; -0.355 ns ; R1      ; TheOne8:inst2|inst6                   ; CPR1     ;
; N/A           ; None        ; -0.359 ns ; EN_read ; TheOne8:inst2|inst7                   ; CPR1     ;
; N/A           ; None        ; -0.361 ns ; EN_read ; TheOne8:inst2|inst2                   ; CPR1     ;
; N/A           ; None        ; -0.361 ns ; EN_read ; TheOne8:inst2|inst1                   ; CPR1     ;
; N/A           ; None        ; -0.362 ns ; EN_read ; TheOne8:inst2|inst3                   ; CPR1     ;
; N/A           ; None        ; -0.365 ns ; EN_read ; TheOne8:inst2|inst6                   ; CPR1     ;
; N/A           ; None        ; -0.365 ns ; EN_read ; TheOne8:inst2|inst5                   ; CPR1     ;
; N/A           ; None        ; -0.366 ns ; EN_read ; TheOne8:inst2|inst4                   ; CPR1     ;
; N/A           ; None        ; -0.366 ns ; LD      ; Scounter8:inst1|Scounter2:inst5|inst1 ; CPR0     ;
; N/A           ; None        ; -0.366 ns ; LD      ; Scounter8:inst1|Scounter2:inst5|inst  ; CPR0     ;
; N/A           ; None        ; -0.368 ns ; LD      ; Scounter8:inst1|Scounter2:inst4|inst1 ; CPR0     ;
; N/A           ; None        ; -0.368 ns ; LD      ; Scounter8:inst1|Scounter2:inst4|inst  ; CPR0     ;
; N/A           ; None        ; -0.536 ns ; LD      ; Scounter8:inst1|Scounter2:inst6|inst1 ; CPR0     ;
; N/A           ; None        ; -0.540 ns ; LD      ; Scounter8:inst1|Scounter2:inst6|inst  ; CPR0     ;
; N/A           ; None        ; -0.629 ns ; R2      ; TheOne8:inst2|inst5                   ; CPR1     ;
; N/A           ; None        ; -0.633 ns ; R3      ; TheOne8:inst2|inst4                   ; CPR1     ;
; N/A           ; None        ; -0.633 ns ; EN_read ; TheOne8:inst3|inst                    ; CPR2     ;
; N/A           ; None        ; -0.652 ns ; R4      ; TheOne8:inst2|inst3                   ; CK       ;
; N/A           ; None        ; -0.979 ns ; R0      ; TheOne8:inst2|inst7                   ; CK       ;
; N/A           ; None        ; -1.022 ns ; R5      ; TheOne8:inst2|inst2                   ; CK       ;
; N/A           ; None        ; -1.186 ns ; LD      ; Scounter8:inst1|Scounter2:inst7|inst  ; CK       ;
; N/A           ; None        ; -1.299 ns ; R6      ; TheOne8:inst2|inst1                   ; CK       ;
; N/A           ; None        ; -1.348 ns ; R1      ; TheOne8:inst2|inst6                   ; CK       ;
; N/A           ; None        ; -1.349 ns ; LD      ; Scounter8:inst1|Scounter2:inst7|inst1 ; CK       ;
; N/A           ; None        ; -1.352 ns ; EN_read ; TheOne8:inst2|inst7                   ; CK       ;
; N/A           ; None        ; -1.354 ns ; EN_read ; TheOne8:inst2|inst2                   ; CK       ;
; N/A           ; None        ; -1.354 ns ; EN_read ; TheOne8:inst2|inst1                   ; CK       ;
; N/A           ; None        ; -1.355 ns ; EN_read ; TheOne8:inst2|inst3                   ; CK       ;
; N/A           ; None        ; -1.358 ns ; EN_read ; TheOne8:inst2|inst6                   ; CK       ;
; N/A           ; None        ; -1.358 ns ; EN_read ; TheOne8:inst2|inst5                   ; CK       ;
; N/A           ; None        ; -1.359 ns ; EN_read ; TheOne8:inst2|inst4                   ; CK       ;
; N/A           ; None        ; -1.389 ns ; R4      ; TheOne8:inst3|inst3                   ; CPR2     ;
; N/A           ; None        ; -1.529 ns ; R7      ; TheOne8:inst3|inst                    ; CK       ;
; N/A           ; None        ; -1.622 ns ; R2      ; TheOne8:inst2|inst5                   ; CK       ;
; N/A           ; None        ; -1.622 ns ; R1      ; TheOne8:inst3|inst6                   ; CPR2     ;
; N/A           ; None        ; -1.626 ns ; R3      ; TheOne8:inst2|inst4                   ; CK       ;
; N/A           ; None        ; -1.632 ns ; EN_read ; TheOne8:inst3|inst6                   ; CPR2     ;
; N/A           ; None        ; -1.653 ns ; LD      ; Scounter8:inst1|Scounter2:inst5|inst1 ; CK       ;
; N/A           ; None        ; -1.653 ns ; LD      ; Scounter8:inst1|Scounter2:inst5|inst  ; CK       ;
; N/A           ; None        ; -1.655 ns ; LD      ; Scounter8:inst1|Scounter2:inst4|inst1 ; CK       ;
; N/A           ; None        ; -1.655 ns ; LD      ; Scounter8:inst1|Scounter2:inst4|inst  ; CK       ;
; N/A           ; None        ; -1.703 ns ; EN_read ; TheOne8:inst3|inst5                   ; CPR2     ;
; N/A           ; None        ; -1.704 ns ; EN_read ; TheOne8:inst3|inst4                   ; CPR2     ;
; N/A           ; None        ; -1.823 ns ; LD      ; Scounter8:inst1|Scounter2:inst6|inst1 ; CK       ;
; N/A           ; None        ; -1.827 ns ; LD      ; Scounter8:inst1|Scounter2:inst6|inst  ; CK       ;
; N/A           ; None        ; -1.848 ns ; R0      ; TheOne8:inst3|inst7                   ; CPR2     ;
; N/A           ; None        ; -1.863 ns ; EN_read ; TheOne8:inst3|inst                    ; CK       ;
; N/A           ; None        ; -1.931 ns ; R5      ; TheOne8:inst3|inst2                   ; CPR2     ;
; N/A           ; None        ; -1.967 ns ; R2      ; TheOne8:inst3|inst5                   ; CPR2     ;
; N/A           ; None        ; -1.971 ns ; R3      ; TheOne8:inst3|inst4                   ; CPR2     ;
; N/A           ; None        ; -2.046 ns ; R6      ; TheOne8:inst3|inst1                   ; CPR2     ;
; N/A           ; None        ; -2.092 ns ; EN_read ; TheOne8:inst3|inst3                   ; CPR2     ;
; N/A           ; None        ; -2.101 ns ; EN_read ; TheOne8:inst3|inst1                   ; CPR2     ;
; N/A           ; None        ; -2.221 ns ; EN_read ; TheOne8:inst3|inst7                   ; CPR2     ;
; N/A           ; None        ; -2.263 ns ; EN_read ; TheOne8:inst3|inst2                   ; CPR2     ;
; N/A           ; None        ; -2.619 ns ; R4      ; TheOne8:inst3|inst3                   ; CK       ;
; N/A           ; None        ; -2.741 ns ; R7      ; TheOne8:inst2|inst                    ; CPR1     ;
; N/A           ; None        ; -2.852 ns ; R1      ; TheOne8:inst3|inst6                   ; CK       ;
; N/A           ; None        ; -2.862 ns ; EN_read ; TheOne8:inst3|inst6                   ; CK       ;
; N/A           ; None        ; -2.933 ns ; EN_read ; TheOne8:inst3|inst5                   ; CK       ;
; N/A           ; None        ; -2.934 ns ; EN_read ; TheOne8:inst3|inst4                   ; CK       ;
; N/A           ; None        ; -3.075 ns ; EN_read ; TheOne8:inst2|inst                    ; CPR1     ;
; N/A           ; None        ; -3.078 ns ; R0      ; TheOne8:inst3|inst7                   ; CK       ;
; N/A           ; None        ; -3.161 ns ; R5      ; TheOne8:inst3|inst2                   ; CK       ;
; N/A           ; None        ; -3.197 ns ; R2      ; TheOne8:inst3|inst5                   ; CK       ;
; N/A           ; None        ; -3.201 ns ; R3      ; TheOne8:inst3|inst4                   ; CK       ;
; N/A           ; None        ; -3.276 ns ; R6      ; TheOne8:inst3|inst1                   ; CK       ;
; N/A           ; None        ; -3.322 ns ; EN_read ; TheOne8:inst3|inst3                   ; CK       ;
; N/A           ; None        ; -3.331 ns ; EN_read ; TheOne8:inst3|inst1                   ; CK       ;
; N/A           ; None        ; -3.451 ns ; EN_read ; TheOne8:inst3|inst7                   ; CK       ;
; N/A           ; None        ; -3.493 ns ; EN_read ; TheOne8:inst3|inst2                   ; CK       ;
; N/A           ; None        ; -3.734 ns ; R7      ; TheOne8:inst2|inst                    ; CK       ;
; N/A           ; None        ; -4.068 ns ; EN_read ; TheOne8:inst2|inst                    ; CK       ;
; N/A           ; None        ; -5.201 ns ; LD      ; Scounter8:inst5|Scounter2:inst6|inst1 ; CK       ;
; N/A           ; None        ; -5.213 ns ; LD      ; Scounter8:inst5|Scounter2:inst7|inst  ; CK       ;
; N/A           ; None        ; -5.214 ns ; LD      ; Scounter8:inst5|Scounter2:inst7|inst1 ; CK       ;
; N/A           ; None        ; -5.679 ns ; LD      ; Scounter8:inst5|Scounter2:inst5|inst  ; CK       ;
; N/A           ; None        ; -5.683 ns ; LD      ; Scounter8:inst5|Scounter2:inst5|inst1 ; CK       ;
; N/A           ; None        ; -5.686 ns ; LD      ; Scounter8:inst5|Scounter2:inst4|inst1 ; CK       ;
; N/A           ; None        ; -5.688 ns ; LD      ; Scounter8:inst5|Scounter2:inst6|inst  ; CK       ;
; N/A           ; None        ; -5.688 ns ; LD      ; Scounter8:inst5|Scounter2:inst4|inst  ; CK       ;
+---------------+-------------+-----------+---------+---------------------------------------+----------+


+--------------------------+
; Timing Analyzer Messages ;
+--------------------------+
Info: *******************************************************************
Info: Running Quartus II Classic Timing Analyzer
    Info: Version 8.1 Build 163 10/28/2008 SJ Web Edition
    Info: Processing started: Wed Apr 17 22:37:56 2019
Info: Command: quartus_tan --read_settings_files=off --write_settings_files=off Fangcun -c Fangcun --timing_analysis_only
Warning: Found pins functioning as undefined clocks and/or memory enables
    Info: Assuming node "CK" is an undefined clock
    Info: Assuming node "CPR1" is an undefined clock
    Info: Assuming node "CPR2" is an undefined clock
    Info: Assuming node "CPR0" is an undefined clock
Warning: Found 3 node(s) in clock paths which may be acting as ripple and/or gated clocks -- node(s) analyzed as buffer(s) resulting in clock skew
    Info: Detected gated clock "inst11" as buffer
    Info: Detected gated clock "inst13" as buffer
    Info: Detected gated clock "inst12" as buffer
Info: Clock "CK" has Internal fmax of 259.4 MHz between source register "Scounter8:inst1|Scounter2:inst7|inst" and destination register "Scounter8:inst1|Scounter2:inst4|inst1" (period= 3.855 ns)
    Info: + Longest register to register delay is 3.579 ns
        Info: 1: + IC(0.000 ns) + CELL(0.000 ns) = 0.000 ns; Loc. = LCFF_X16_Y12_N25; Fanout = 5; REG Node = 'Scounter8:inst1|Scounter2:inst7|inst'
        Info: 2: + IC(1.180 ns) + CELL(0.206 ns) = 1.386 ns; Loc. = LCCOMB_X16_Y16_N30; Fanout = 4; COMB Node = 'Scounter8:inst1|inst10~21'
        Info: 3: + IC(1.879 ns) + CELL(0.206 ns) = 3.471 ns; Loc. = LCCOMB_X7_Y12_N18; Fanout = 1; COMB Node = 'Scounter8:inst1|Scounter2:inst4|Selector1:inst7|inst2'
        Info: 4: + IC(0.000 ns) + CELL(0.108 ns) = 3.579 ns; Loc. = LCFF_X7_Y12_N19; Fanout = 3; REG Node = 'Scounter8:inst1|Scounter2:inst4|inst1'
        Info: Total cell delay = 0.520 ns ( 14.53 % )
        Info: Total interconnect delay = 3.059 ns ( 85.47 % )
    Info: - Smallest clock skew is -0.012 ns
        Info: + Shortest clock path from clock "CK" to destination register is 6.711 ns
            Info: 1: + IC(0.000 ns) + CELL(1.150 ns) = 1.150 ns; Loc. = PIN_132; Fanout = 6; CLK Node = 'CK'
            Info: 2: + IC(1.543 ns) + CELL(0.202 ns) = 2.895 ns; Loc. = LCCOMB_X22_Y7_N2; Fanout = 1; COMB Node = 'inst11'
            Info: 3: + IC(2.256 ns) + CELL(0.000 ns) = 5.151 ns; Loc. = CLKCTRL_G7; Fanout = 8; COMB Node = 'inst11~clkctrl'
            Info: 4: + IC(0.894 ns) + CELL(0.666 ns) = 6.711 ns; Loc. = LCFF_X7_Y12_N19; Fanout = 3; REG Node = 'Scounter8:inst1|Scounter2:inst4|inst1'
            Info: Total cell delay = 2.018 ns ( 30.07 % )
            Info: Total interconnect delay = 4.693 ns ( 69.93 % )
        Info: - Longest clock path from clock "CK" to source register is 6.723 ns
            Info: 1: + IC(0.000 ns) + CELL(1.150 ns) = 1.150 ns; Loc. = PIN_132; Fanout = 6; CLK Node = 'CK'
            Info: 2: + IC(1.543 ns) + CELL(0.202 ns) = 2.895 ns; Loc. = LCCOMB_X22_Y7_N2; Fanout = 1; COMB Node = 'inst11'
            Info: 3: + IC(2.256 ns) + CELL(0.000 ns) = 5.151 ns; Loc. = CLKCTRL_G7; Fanout = 8; COMB Node = 'inst11~clkctrl'
            Info: 4: + IC(0.906 ns) + CELL(0.666 ns) = 6.723 ns; Loc. = LCFF_X16_Y12_N25; Fanout = 5; REG Node = 'Scounter8:inst1|Scounter2:inst7|inst'
            Info: Total cell delay = 2.018 ns ( 30.02 % )
            Info: Total interconnect delay = 4.705 ns ( 69.98 % )
    Info: + Micro clock to output delay of source is 0.304 ns
    Info: + Micro setup delay of destination is -0.040 ns
Info: No valid register-to-register data paths exist for clock "CPR1"
Info: No valid register-to-register data paths exist for clock "CPR2"
Info: Clock "CPR0" has Internal fmax of 259.4 MHz between source register "Scounter8:inst1|Scounter2:inst7|inst" and destination register "Scounter8:inst1|Scounter2:inst4|inst1" (period= 3.855 ns)
    Info: + Longest register to register delay is 3.579 ns
        Info: 1: + IC(0.000 ns) + CELL(0.000 ns) = 0.000 ns; Loc. = LCFF_X16_Y12_N25; Fanout = 5; REG Node = 'Scounter8:inst1|Scounter2:inst7|inst'
        Info: 2: + IC(1.180 ns) + CELL(0.206 ns) = 1.386 ns; Loc. = LCCOMB_X16_Y16_N30; Fanout = 4; COMB Node = 'Scounter8:inst1|inst10~21'
        Info: 3: + IC(1.879 ns) + CELL(0.206 ns) = 3.471 ns; Loc. = LCCOMB_X7_Y12_N18; Fanout = 1; COMB Node = 'Scounter8:inst1|Scounter2:inst4|Selector1:inst7|inst2'
        Info: 4: + IC(0.000 ns) + CELL(0.108 ns) = 3.579 ns; Loc. = LCFF_X7_Y12_N19; Fanout = 3; REG Node = 'Scounter8:inst1|Scounter2:inst4|inst1'
        Info: Total cell delay = 0.520 ns ( 14.53 % )
        Info: Total interconnect delay = 3.059 ns ( 85.47 % )
    Info: - Smallest clock skew is -0.012 ns
        Info: + Shortest clock path from clock "CPR0" to destination register is 7.998 ns
            Info: 1: + IC(0.000 ns) + CELL(0.984 ns) = 0.984 ns; Loc. = PIN_89; Fanout = 1; CLK Node = 'CPR0'
            Info: 2: + IC(2.547 ns) + CELL(0.651 ns) = 4.182 ns; Loc. = LCCOMB_X22_Y7_N2; Fanout = 1; COMB Node = 'inst11'
            Info: 3: + IC(2.256 ns) + CELL(0.000 ns) = 6.438 ns; Loc. = CLKCTRL_G7; Fanout = 8; COMB Node = 'inst11~clkctrl'
            Info: 4: + IC(0.894 ns) + CELL(0.666 ns) = 7.998 ns; Loc. = LCFF_X7_Y12_N19; Fanout = 3; REG Node = 'Scounter8:inst1|Scounter2:inst4|inst1'
            Info: Total cell delay = 2.301 ns ( 28.77 % )
            Info: Total interconnect delay = 5.697 ns ( 71.23 % )
        Info: - Longest clock path from clock "CPR0" to source register is 8.010 ns
            Info: 1: + IC(0.000 ns) + CELL(0.984 ns) = 0.984 ns; Loc. = PIN_89; Fanout = 1; CLK Node = 'CPR0'
            Info: 2: + IC(2.547 ns) + CELL(0.651 ns) = 4.182 ns; Loc. = LCCOMB_X22_Y7_N2; Fanout = 1; COMB Node = 'inst11'
            Info: 3: + IC(2.256 ns) + CELL(0.000 ns) = 6.438 ns; Loc. = CLKCTRL_G7; Fanout = 8; COMB Node = 'inst11~clkctrl'
            Info: 4: + IC(0.906 ns) + CELL(0.666 ns) = 8.010 ns; Loc. = LCFF_X16_Y12_N25; Fanout = 5; REG Node = 'Scounter8:inst1|Scounter2:inst7|inst'
            Info: Total cell delay = 2.301 ns ( 28.73 % )
            Info: Total interconnect delay = 5.709 ns ( 71.27 % )
    Info: + Micro clock to output delay of source is 0.304 ns
    Info: + Micro setup delay of destination is -0.040 ns
Info: tsu for register "Scounter8:inst5|Scounter2:inst6|inst" (data pin = "LD", clock pin = "CK") is 5.954 ns
    Info: + Longest pin to register delay is 8.884 ns
        Info: 1: + IC(0.000 ns) + CELL(0.984 ns) = 0.984 ns; Loc. = PIN_80; Fanout = 16; PIN Node = 'LD'
        Info: 2: + IC(7.141 ns) + CELL(0.651 ns) = 8.776 ns; Loc. = LCCOMB_X16_Y16_N22; Fanout = 1; COMB Node = 'Scounter8:inst5|Scounter2:inst6|Selector1:inst5|inst2'
        Info: 3: + IC(0.000 ns) + CELL(0.108 ns) = 8.884 ns; Loc. = LCFF_X16_Y16_N23; Fanout = 3; REG Node = 'Scounter8:inst5|Scounter2:inst6|inst'
        Info: Total cell delay = 1.743 ns ( 19.62 % )
        Info: Total interconnect delay = 7.141 ns ( 80.38 % )
    Info: + Micro setup delay of destination is -0.040 ns
    Info: - Shortest clock path from clock "CK" to destination register is 2.890 ns
        Info: 1: + IC(0.000 ns) + CELL(1.150 ns) = 1.150 ns; Loc. = PIN_132; Fanout = 6; CLK Node = 'CK'
        Info: 2: + IC(0.139 ns) + CELL(0.000 ns) = 1.289 ns; Loc. = CLKCTRL_G6; Fanout = 8; COMB Node = 'CK~clkctrl'
        Info: 3: + IC(0.935 ns) + CELL(0.666 ns) = 2.890 ns; Loc. = LCFF_X16_Y16_N23; Fanout = 3; REG Node = 'Scounter8:inst5|Scounter2:inst6|inst'
        Info: Total cell delay = 1.816 ns ( 62.84 % )
        Info: Total interconnect delay = 1.074 ns ( 37.16 % )
Info: tco from clock "CPR0" to destination pin "A1" through register "Scounter8:inst1|Scounter2:inst7|inst" is 17.531 ns
    Info: + Longest clock path from clock "CPR0" to source register is 8.010 ns
        Info: 1: + IC(0.000 ns) + CELL(0.984 ns) = 0.984 ns; Loc. = PIN_89; Fanout = 1; CLK Node = 'CPR0'
        Info: 2: + IC(2.547 ns) + CELL(0.651 ns) = 4.182 ns; Loc. = LCCOMB_X22_Y7_N2; Fanout = 1; COMB Node = 'inst11'
        Info: 3: + IC(2.256 ns) + CELL(0.000 ns) = 6.438 ns; Loc. = CLKCTRL_G7; Fanout = 8; COMB Node = 'inst11~clkctrl'
        Info: 4: + IC(0.906 ns) + CELL(0.666 ns) = 8.010 ns; Loc. = LCFF_X16_Y12_N25; Fanout = 5; REG Node = 'Scounter8:inst1|Scounter2:inst7|inst'
        Info: Total cell delay = 2.301 ns ( 28.73 % )
        Info: Total interconnect delay = 5.709 ns ( 71.27 % )
    Info: + Micro clock to output delay of source is 0.304 ns
    Info: + Longest register to pin delay is 9.217 ns
        Info: 1: + IC(0.000 ns) + CELL(0.000 ns) = 0.000 ns; Loc. = LCFF_X16_Y12_N25; Fanout = 5; REG Node = 'Scounter8:inst1|Scounter2:inst7|inst'
        Info: 2: + IC(1.779 ns) + CELL(0.624 ns) = 2.403 ns; Loc. = LCCOMB_X7_Y12_N28; Fanout = 1; COMB Node = 'Exper1:inst|inst36'
        Info: 3: + IC(3.548 ns) + CELL(3.266 ns) = 9.217 ns; Loc. = PIN_169; Fanout = 0; PIN Node = 'A1'
        Info: Total cell delay = 3.890 ns ( 42.20 % )
        Info: Total interconnect delay = 5.327 ns ( 57.80 % )
Info: Longest tpd from source pin "AY" to destination pin "A1" is 15.558 ns
    Info: 1: + IC(0.000 ns) + CELL(0.964 ns) = 0.964 ns; Loc. = PIN_94; Fanout = 8; PIN Node = 'AY'
    Info: 2: + IC(7.130 ns) + CELL(0.650 ns) = 8.744 ns; Loc. = LCCOMB_X7_Y12_N28; Fanout = 1; COMB Node = 'Exper1:inst|inst36'
    Info: 3: + IC(3.548 ns) + CELL(3.266 ns) = 15.558 ns; Loc. = PIN_169; Fanout = 0; PIN Node = 'A1'
    Info: Total cell delay = 4.880 ns ( 31.37 % )
    Info: Total interconnect delay = 10.678 ns ( 68.63 % )
Info: th for register "TheOne8:inst2|inst3" (data pin = "R4", clock pin = "CPR1") is 0.341 ns
    Info: + Longest clock path from clock "CPR1" to destination register is 7.625 ns
        Info: 1: + IC(0.000 ns) + CELL(0.984 ns) = 0.984 ns; Loc. = PIN_90; Fanout = 1; CLK Node = 'CPR1'
        Info: 2: + IC(2.537 ns) + CELL(0.370 ns) = 3.891 ns; Loc. = LCCOMB_X22_Y7_N24; Fanout = 1; COMB Node = 'inst12'
        Info: 3: + IC(2.174 ns) + CELL(0.000 ns) = 6.065 ns; Loc. = CLKCTRL_G2; Fanout = 8; COMB Node = 'inst12~clkctrl'
        Info: 4: + IC(0.894 ns) + CELL(0.666 ns) = 7.625 ns; Loc. = LCFF_X7_Y12_N17; Fanout = 1; REG Node = 'TheOne8:inst2|inst3'
        Info: Total cell delay = 2.020 ns ( 26.49 % )
        Info: Total interconnect delay = 5.605 ns ( 73.51 % )
    Info: + Micro hold delay of destination is 0.306 ns
    Info: - Shortest pin to register delay is 7.590 ns
        Info: 1: + IC(0.000 ns) + CELL(0.000 ns) = 0.000 ns; Loc. = PIN_198; Fanout = 1; PIN Node = 'R4'
        Info: 2: + IC(0.000 ns) + CELL(0.984 ns) = 0.984 ns; Loc. = IOC_X5_Y19_N1; Fanout = 1; COMB Node = 'R4~0'
        Info: 3: + IC(6.179 ns) + CELL(0.319 ns) = 7.482 ns; Loc. = LCCOMB_X7_Y12_N16; Fanout = 2; COMB Node = 'santaixuantong:inst4|inst13~15'
        Info: 4: + IC(0.000 ns) + CELL(0.108 ns) = 7.590 ns; Loc. = LCFF_X7_Y12_N17; Fanout = 1; REG Node = 'TheOne8:inst2|inst3'
        Info: Total cell delay = 1.411 ns ( 18.59 % )
        Info: Total interconnect delay = 6.179 ns ( 81.41 % )
Info: Quartus II Classic Timing Analyzer was successful. 0 errors, 2 warnings
    Info: Peak virtual memory: 200 megabytes
    Info: Processing ended: Wed Apr 17 22:37:57 2019
    Info: Elapsed time: 00:00:01
    Info: Total CPU time (on all processors): 00:00:00


